// Jest Snapshot v1, https://goo.gl/fbAQLP

exports[`Test progress Progress renders correctly 1`] = `"<div class=\\"progress\\"><div class=\\"progressdone\\" style=\\"width: 50%;\\"></div></div>"`;
