// Jest Snapshot v1, https://goo.gl/fbAQLP

exports[`Test Cluster settings Cluster settings renders 1`] = `"<div class=\\"section\\"><h2>Clusters</h2><table class=\\"clusters\\"><thead><tr><th></th><th>Power</th><th>Stars 1</th><th>Stars 2</th><th>Stars 3</th><th>Bubbles</th><th>Fractal</th><th>Color</th><th></th></tr></thead><tbody></tbody></table></div>"`;

exports[`Test Cluster settings Cluster settings with some clusters renders 1`] = `"<div class=\\"section\\"><h2>Clusters</h2><table class=\\"clusters\\"><thead><tr><th></th><th>Power</th><th>Stars 1</th><th>Stars 2</th><th>Stars 3</th><th>Bubbles</th><th>Fractal</th><th>Color</th><th></th></tr></thead><tbody><tr><td></td><td></td><td><input type=\\"text\\" pattern=\\"-?[0-9\\\\.]{1,5}\\" class=\\"smallfield\\" value=\\"42\\" /></td><td><input type=\\"text\\" pattern=\\"-?[0-9\\\\.]{1,5}\\" class=\\"smallfield\\" value=\\"50\\" /></td><td><input type=\\"text\\" pattern=\\"-?[0-9\\\\.]{1,5}\\" class=\\"smallfield\\" value=\\"10\\" /></td><td><input type=\\"text\\" pattern=\\"-?[0-9\\\\.]{1,5}\\" class=\\"smallfield\\" value=\\"500\\" /></td><td><input type=\\"text\\" pattern=\\"-?[0-9\\\\.]{1,5}\\" class=\\"smallfield\\" value=\\"0\\" /></td><td><div><div class=\\"pickerButton\\" style=\\"background-color: rgb(0,0,250);\\"></div></div></td><td></td></tr><tr><td>1</td><td><input type=\\"text\\" pattern=\\"-?[0-9\\\\.]{1,5}\\" class=\\"smallfield\\" value=\\"300\\" /></td><td><input type=\\"text\\" pattern=\\"-?[0-9\\\\.]{1,5}\\" class=\\"smallfield\\" value=\\"0\\" /></td><td><input type=\\"text\\" pattern=\\"-?[0-9\\\\.]{1,5}\\" class=\\"smallfield\\" value=\\"0\\" /></td><td><input type=\\"text\\" pattern=\\"-?[0-9\\\\.]{1,5}\\" class=\\"smallfield\\" value=\\"0\\" /></td><td><input type=\\"text\\" pattern=\\"-?[0-9\\\\.]{1,5}\\" class=\\"smallfield\\" value=\\"0\\" /></td><td><input type=\\"text\\" pattern=\\"-?[0-9\\\\.]{1,5}\\" class=\\"smallfield\\" value=\\"100\\" /></td><td><div><div class=\\"pickerButton\\" style=\\"background-color: rgb(180,0,180);\\"></div></div></td><td><button>X</button></td></tr></tbody></table></div>"`;
