// Jest Snapshot v1, https://goo.gl/fbAQLP

exports[`Test Generate settings Generate settings renders 1`] = `"<div class=\\"section\\"><table><tbody><tr><td>Bubble sizes</td><td><input type=\\"text\\" pattern=\\"-?[0-9\\\\.]{1,5}\\" class=\\"smallfield\\" /></td><td>-</td><td><input type=\\"text\\" pattern=\\"-?[0-9\\\\.]{1,5}\\" class=\\"smallfield\\" /></td><td colspan=\\"3\\">Fractal division count</td><td><input type=\\"text\\" pattern=\\"-?[0-9\\\\.]{1,5}\\" class=\\"smallfield\\" /></td></tr><tr><td>Dark center size</td><td><input type=\\"text\\" pattern=\\"-?[0-9\\\\.]{1,5}\\" class=\\"smallfield\\" /></td><td>-</td><td><input type=\\"text\\" pattern=\\"-?[0-9\\\\.]{1,5}\\" class=\\"smallfield\\" /></td><td colspan=\\"3\\">Fractal min size</td><td><input type=\\"text\\" pattern=\\"-?[0-9\\\\.]{1,5}\\" class=\\"smallfield\\" /></td></tr><tr><td colspan=\\"3\\">Bubble distance fall-off</td><td><input type=\\"text\\" pattern=\\"-?[0-9\\\\.]{1,5}\\" class=\\"smallfield\\" /></td><td colspan=\\"3\\">Fractal color gain (%)</td><td><input type=\\"text\\" pattern=\\"-?[0-9\\\\.]{1,5}\\" class=\\"smallfield\\" /></td></tr><tr><td colspan=\\"3\\">Bubble color desaturate</td><td><input type=\\"text\\" pattern=\\"-?[0-9\\\\.]{1,5}\\" class=\\"smallfield\\" /></td><td colspan=\\"4\\"></td></tr><tr><td colspan=\\"4\\"><div class=\\"checkbox\\"><input type=\\"checkbox\\" /><span>Blur nebula</span></div></td><td colspan=\\"4\\"><div class=\\"checkbox\\"><input type=\\"checkbox\\" /><span>Blur fractal</span></div></td></tr></tbody></table></div>"`;

exports[`Test Generate settings Generate settings renders with actual settings 1`] = `"<div class=\\"section\\"><table><tbody><tr><td>Bubble sizes</td><td><input type=\\"text\\" pattern=\\"-?[0-9\\\\.]{1,5}\\" class=\\"smallfield\\" value=\\"30\\" /></td><td>-</td><td><input type=\\"text\\" pattern=\\"-?[0-9\\\\.]{1,5}\\" class=\\"smallfield\\" value=\\"160\\" /></td><td colspan=\\"3\\">Fractal division count</td><td><input type=\\"text\\" pattern=\\"-?[0-9\\\\.]{1,5}\\" class=\\"smallfield\\" value=\\"6\\" /></td></tr><tr><td>Dark center size</td><td><input type=\\"text\\" pattern=\\"-?[0-9\\\\.]{1,5}\\" class=\\"smallfield\\" value=\\"30\\" /></td><td>-</td><td><input type=\\"text\\" pattern=\\"-?[0-9\\\\.]{1,5}\\" class=\\"smallfield\\" value=\\"80\\" /></td><td colspan=\\"3\\">Fractal min size</td><td><input type=\\"text\\" pattern=\\"-?[0-9\\\\.]{1,5}\\" class=\\"smallfield\\" value=\\"5\\" /></td></tr><tr><td colspan=\\"3\\">Bubble distance fall-off</td><td><input type=\\"text\\" pattern=\\"-?[0-9\\\\.]{1,5}\\" class=\\"smallfield\\" value=\\"2\\" /></td><td colspan=\\"3\\">Fractal color gain (%)</td><td><input type=\\"text\\" pattern=\\"-?[0-9\\\\.]{1,5}\\" class=\\"smallfield\\" value=\\"10\\" /></td></tr><tr><td colspan=\\"3\\">Bubble color desaturate</td><td><input type=\\"text\\" pattern=\\"-?[0-9\\\\.]{1,5}\\" class=\\"smallfield\\" value=\\"4\\" /></td><td colspan=\\"4\\"></td></tr><tr><td colspan=\\"4\\"><div class=\\"checkbox\\"><input type=\\"checkbox\\" /><span>Blur nebula</span></div></td><td colspan=\\"4\\"><div class=\\"checkbox\\"><input type=\\"checkbox\\" /><span>Blur fractal</span></div></td></tr></tbody></table></div>"`;
